// Vitest Snapshot v1, https://vitest.dev/guide/snapshot.html

exports[`group choice conversion > should generate a union type for multiple group choices 1`] = `
"export type Extensible = Record<string, unknown>;
export type ProxyConfiguration = AutodetectProxyConfiguration | DirectProxyConfiguration | ManualProxyConfiguration;

export type AutodetectProxyConfiguration = Extensible & {
  proxyType: "autodetect";
};

export type DirectProxyConfiguration = Extensible & {
  proxyType: "direct";
};

export type ManualProxyConfiguration = Extensible & {
  proxyType: "manual";
};"
`;
